// Jest Snapshot v1, https://goo.gl/fbAQLP

exports[`Wizard should render wizard with given content 1`] = `
<div
  className="inloco-wizard"
>
  Test Children Content
</div>
`;
