// Jest Snapshot v1, https://goo.gl/fbAQLP

exports[`FormFieldMessage should render the message 1`] = `
<div
  className="inloco-form-validator__message test-class"
>
  <Icon
    as="i"
    className="error"
    size="big"
  />
  Custom message
</div>
`;
